2026-06-19 19:09:38,436 INFO j.u.ArrayList [main] Mall(name=KPN Mall, location=ShikariPalya Niladri Nagar Bangalore, storeManager=Dushanth, noOFEmployees=21, jobVacancy=true)
2026-06-19 19:15:27,845 INFO j.u.ArrayList [main] Mall(name=KPN Mall, location=ShikariPalya Niladri Nagar Bangalore, storeManager=Nagaraj, noOFEmployees=20, jobVacancy=false)
2026-06-19 19:15:27,850 INFO j.u.ArrayList [main] Mall(name=Vishal Mart, location=Niladri Nagar Bangalore, storeManager=null, noOFEmployees=0, jobVacancy=false)
2026-06-19 19:15:27,851 INFO j.u.ArrayList [main] Mall(name=Dmart, location=Bommasandra Electranic City, storeManager=Sharath, noOFEmployees=200, jobVacancy=true)
2026-06-19 19:16:33,858 INFO c.c.c.l.a.MallRunner [main] Mall Informations in Bangalore
2026-06-19 19:16:33,866 INFO j.u.ArrayList [main] Mall(name=KPN Mall, location=ShikariPalya Niladri Nagar Bangalore, storeManager=Nagaraj, noOFEmployees=20, jobVacancy=false)
2026-06-19 19:16:33,867 INFO j.u.ArrayList [main] Mall(name=Vishal Mart, location=Niladri Nagar Bangalore, storeManager=null, noOFEmployees=0, jobVacancy=false)
2026-06-19 19:16:33,868 INFO j.u.ArrayList [main] Mall(name=Dmart, location=Bommasandra Electranic City, storeManager=Sharath, noOFEmployees=200, jobVacancy=true)
2026-06-19 19:18:29,769 INFO c.c.c.l.a.MallRunner [main] Mall Informations in Bangalore
2026-06-19 19:18:29,775 INFO c.c.c.l.a.MallRunner [main] Execute the Arralist Collection(Ordered Collection)
2026-06-19 19:18:29,779 INFO j.u.ArrayList [main] Mall(name=KPN Mall, location=ShikariPalya Niladri Nagar Bangalore, storeManager=Nagaraj, noOFEmployees=20, jobVacancy=false)
2026-06-19 19:18:29,780 INFO j.u.ArrayList [main] Mall(name=Vishal Mart, location=Niladri Nagar Bangalore, storeManager=null, noOFEmployees=0, jobVacancy=false)
2026-06-19 19:18:29,780 INFO j.u.ArrayList [main] Mall(name=Dmart, location=Bommasandra Electranic City, storeManager=Sharath, noOFEmployees=200, jobVacancy=true)
2026-06-19 19:18:55,682 INFO c.c.c.l.a.MallRunner [main] Execute the Arralist Collection(Ordered Collection):
2026-06-19 19:18:55,695 INFO c.c.c.l.a.MallRunner [main] Mall Informations in Bangalore
2026-06-19 19:18:55,709 INFO j.u.ArrayList [main] Mall(name=KPN Mall, location=ShikariPalya Niladri Nagar Bangalore, storeManager=Nagaraj, noOFEmployees=20, jobVacancy=false)
2026-06-19 19:18:55,712 INFO j.u.ArrayList [main] Mall(name=Vishal Mart, location=Niladri Nagar Bangalore, storeManager=null, noOFEmployees=0, jobVacancy=false)
2026-06-19 19:18:55,713 INFO j.u.ArrayList [main] Mall(name=Dmart, location=Bommasandra Electranic City, storeManager=Sharath, noOFEmployees=200, jobVacancy=true)
2026-06-19 19:21:15,277 INFO c.c.c.l.a.MallRunner [main] Execute the Arralist Collection(Ordered Collection):
2026-06-19 19:21:15,285 INFO c.c.c.l.a.MallRunner [main] Mall Informations in Bangalore:
2026-06-19 19:21:15,292 INFO j.u.ArrayList [main] Mall(name=KPN Mall, location=ShikariPalya Niladri Nagar Bangalore, storeManager=Nagaraj, noOFEmployees=20, jobVacancy=false)
2026-06-19 19:21:15,293 INFO j.u.ArrayList [main] Mall(name=Vishal Mart, location=Niladri Nagar Bangalore, storeManager=null, noOFEmployees=0, jobVacancy=false)
2026-06-19 19:21:15,293 INFO j.u.ArrayList [main] Mall(name=Dmart, location=Bommasandra Electranic City, storeManager=Sharath, noOFEmployees=200, jobVacancy=true)
2026-06-19 19:21:32,036 INFO c.c.c.l.a.MallRunner [main] Execute the Arralist Collection(Ordered Collection):
2026-06-19 19:21:32,044 INFO c.c.c.l.a.MallRunner [main] Mall Informations in Bangalore:
2026-06-19 19:21:32,053 INFO j.u.ArrayList [main] Mall(name=KPN Mall, location=ShikariPalya Niladri Nagar Bangalore, storeManager=Nagaraj, noOFEmployees=20, jobVacancy=false)
2026-06-19 19:21:32,055 INFO j.u.ArrayList [main] Mall(name=Vishal Mart, location=Niladri Nagar Bangalore, storeManager=null, noOFEmployees=0, jobVacancy=false)
2026-06-19 19:21:32,056 INFO j.u.ArrayList [main] Mall(name=Dmart, location=Bommasandra Electranic City, storeManager=Sharath, noOFEmployees=200, jobVacancy=true)
2026-06-19 19:21:32,056 INFO j.u.ArrayList [main] Mall(name=KPN Mall, location=Basapura Bangalore, storeManager=Prakash, noOFEmployees=21, jobVacancy=true)
